#
# There is insufficient memory for the Java Runtime Environment to continue.
# Native memory allocation (malloc) failed to allocate 565776 bytes for Chunk::new
# Possible reasons:
#   The system is out of physical RAM or swap space
#   The process is running with CompressedOops enabled, and the Java Heap may be blocking the growth of the native heap
# Possible solutions:
#   Reduce memory load on the system
#   Increase physical memory or swap space
#   Check if swap backing store is full
#   Decrease Java heap size (-Xmx/-Xms)
#   Decrease number of Java threads
#   Decrease Java thread stack sizes (-Xss)
#   Set larger code cache with -XX:ReservedCodeCacheSize=
#   JVM is running with Zero Based Compressed Oops mode in which the Java heap is
#     placed in the first 32GB address space. The Java Heap base address is the
#     maximum limit for the native heap growth. Please use -XX:HeapBaseMinAddress
#     to set the Java Heap base and to place the Java Heap above 32GB virtual address.
# This output file may be truncated or incomplete.
#
#  Out of Memory Error (arena.cpp:189), pid=40032, tid=12564
#
# JRE version: Java(TM) SE Runtime Environment (17.0.12+8) (build 17.0.12+8-LTS-286)
# Java VM: Java HotSpot(TM) 64-Bit Server VM (17.0.12+8-LTS-286, mixed mode, sharing, tiered, compressed oops, compressed class ptrs, g1 gc, windows-amd64)
# No core dump will be written. Minidumps are not enabled by default on client versions of Windows
#

---------------  S U M M A R Y ------------

Command Line: -XX:+ShowCodeDetailsInExceptionMessages com.springboot.backend.alejandro.userapp.users_backend.UsersBackendApplication

Host: AMD Ryzen 5 7520U with Radeon Graphics         , 8 cores, 15G,  Windows 11 , 64 bit Build 26100 (10.0.26100.3037)
Time: Fri Apr 18 12:37:46 2025 Hora est. Pacífico, Sudamérica elapsed time: 920565.802346 seconds (10d 15h 42m 45s)

---------------  T H R E A D  ---------------

Current thread (0x0000025a7a005150):  JavaThread "C2 CompilerThread0" daemon [_thread_in_native, id=12564, stack(0x0000006dc8700000,0x0000006dc8800000)]


Current CompileTask:
C2:920565802 11159       4       org.springframework.core.ResolvableType::hashCode (22 bytes)

Stack: [0x0000006dc8700000,0x0000006dc8800000]
Native frames: (J=compiled Java code, j=interpreted, Vv=VM code, C=native code)
V  [jvm.dll+0x67a04a]
V  [jvm.dll+0x7da4ed]
V  [jvm.dll+0x7dbe33]
V  [jvm.dll+0x7dc4a3]
V  [jvm.dll+0x24508f]
V  [jvm.dll+0xab773]
V  [jvm.dll+0xabd3c]
V  [jvm.dll+0x361b9f]
V  [jvm.dll+0x32c431]
V  [jvm.dll+0x32b8ca]
V  [jvm.dll+0x21683f]
V  [jvm.dll+0x215c6f]
V  [jvm.dll+0x1a2960]
V  [jvm.dll+0x22610b]
V  [jvm.dll+0x2242ab]
V  [jvm.dll+0x79075c]
V  [jvm.dll+0x78abea]
V  [jvm.dll+0x678f35]
C  [ucrtbase.dll+0x37b0]
C  [KERNEL32.DLL+0x2e8d7]
C  [ntdll.dll+0xbbf2c]


---------------  P R O C E S S  ---------------

Threads class SMR info:
_java_thread_list=0x0000025a7e534010, length=32, elements={
0x0000025a75c671d0, 0x0000025a75c69ba0, 0x0000025a7a001ad0, 0x0000025a7a0033b0,
0x0000025a7a003c80, 0x0000025a7a004550, 0x0000025a7a005150, 0x0000025a7a0095a0,
0x0000025a7a009eb0, 0x0000025a7a156480, 0x0000025a7a164380, 0x0000025a7ae6e9e0,
0x0000025a7ae6dfc0, 0x0000025a7ae6eef0, 0x0000025a7ae6f910, 0x0000025a7ae6d5a0,
0x0000025a7d896b80, 0x0000025a7d8984d0, 0x0000025a7d8975a0, 0x0000025a7d896160,
0x0000025a7d895740, 0x0000025a7d899910, 0x0000025a7d897090, 0x0000025a7d899e20,
0x0000025a7d89a330, 0x0000025a7d89a840, 0x0000025a7d897fc0, 0x0000025a7d89d0c0,
0x0000025a7d89ad50, 0x0000025a7d89cbb0, 0x0000025a7d8b2b70, 0x0000025a7d8b0d10
}

Java Threads: ( => current thread )
  0x0000025a75c671d0 JavaThread "Reference Handler" daemon [_thread_blocked, id=40380, stack(0x0000006dc8100000,0x0000006dc8200000)]
  0x0000025a75c69ba0 JavaThread "Finalizer" daemon [_thread_blocked, id=40860, stack(0x0000006dc8200000,0x0000006dc8300000)]
  0x0000025a7a001ad0 JavaThread "Signal Dispatcher" daemon [_thread_blocked, id=26112, stack(0x0000006dc8300000,0x0000006dc8400000)]
  0x0000025a7a0033b0 JavaThread "Attach Listener" daemon [_thread_blocked, id=14900, stack(0x0000006dc8400000,0x0000006dc8500000)]
  0x0000025a7a003c80 JavaThread "Service Thread" daemon [_thread_blocked, id=23904, stack(0x0000006dc8500000,0x0000006dc8600000)]
  0x0000025a7a004550 JavaThread "Monitor Deflation Thread" daemon [_thread_blocked, id=10920, stack(0x0000006dc8600000,0x0000006dc8700000)]
=>0x0000025a7a005150 JavaThread "C2 CompilerThread0" daemon [_thread_in_native, id=12564, stack(0x0000006dc8700000,0x0000006dc8800000)]
  0x0000025a7a0095a0 JavaThread "C1 CompilerThread0" daemon [_thread_blocked, id=39640, stack(0x0000006dc8800000,0x0000006dc8900000)]
  0x0000025a7a009eb0 JavaThread "Sweeper thread" daemon [_thread_blocked, id=5036, stack(0x0000006dc8900000,0x0000006dc8a00000)]
  0x0000025a7a156480 JavaThread "Notification Thread" daemon [_thread_blocked, id=41896, stack(0x0000006dc8a00000,0x0000006dc8b00000)]
  0x0000025a7a164380 JavaThread "Common-Cleaner" daemon [_thread_blocked, id=37016, stack(0x0000006dc8c00000,0x0000006dc8d00000)]
  0x0000025a7ae6e9e0 JavaThread "Catalina-utility-1" [_thread_blocked, id=11940, stack(0x0000006dc9900000,0x0000006dc9a00000)]
  0x0000025a7ae6dfc0 JavaThread "Catalina-utility-2" [_thread_blocked, id=29280, stack(0x0000006dc9a00000,0x0000006dc9b00000)]
  0x0000025a7ae6eef0 JavaThread "container-0" [_thread_blocked, id=24528, stack(0x0000006dc9b00000,0x0000006dc9c00000)]
  0x0000025a7ae6f910 JavaThread "mysql-cj-abandoned-connection-cleanup" daemon [_thread_blocked, id=37784, stack(0x0000006dc9c00000,0x0000006dc9d00000)]
  0x0000025a7ae6d5a0 JavaThread "HikariPool-1 housekeeper" daemon [_thread_blocked, id=21288, stack(0x0000006dc9e00000,0x0000006dc9f00000)]
  0x0000025a7d896b80 JavaThread "Live Reload Server" daemon [_thread_in_native, id=34444, stack(0x0000006dca100000,0x0000006dca200000)]
  0x0000025a7d8984d0 JavaThread "http-nio-8080-exec-1" daemon [_thread_blocked, id=41276, stack(0x0000006dca000000,0x0000006dca100000)]
  0x0000025a7d8975a0 JavaThread "http-nio-8080-exec-2" daemon [_thread_blocked, id=23664, stack(0x0000006dca200000,0x0000006dca300000)]
  0x0000025a7d896160 JavaThread "http-nio-8080-exec-3" daemon [_thread_blocked, id=23372, stack(0x0000006dca300000,0x0000006dca400000)]
  0x0000025a7d895740 JavaThread "http-nio-8080-exec-4" daemon [_thread_blocked, id=21172, stack(0x0000006dca400000,0x0000006dca500000)]
  0x0000025a7d899910 JavaThread "http-nio-8080-exec-5" daemon [_thread_blocked, id=19112, stack(0x0000006dca500000,0x0000006dca600000)]
  0x0000025a7d897090 JavaThread "http-nio-8080-exec-6" daemon [_thread_blocked, id=21888, stack(0x0000006dca600000,0x0000006dca700000)]
  0x0000025a7d899e20 JavaThread "http-nio-8080-exec-7" daemon [_thread_blocked, id=2324, stack(0x0000006dca700000,0x0000006dca800000)]
  0x0000025a7d89a330 JavaThread "http-nio-8080-exec-8" daemon [_thread_blocked, id=16632, stack(0x0000006dca800000,0x0000006dca900000)]
  0x0000025a7d89a840 JavaThread "http-nio-8080-exec-9" daemon [_thread_blocked, id=12540, stack(0x0000006dca900000,0x0000006dcaa00000)]
  0x0000025a7d897fc0 JavaThread "http-nio-8080-exec-10" daemon [_thread_blocked, id=34688, stack(0x0000006dcaa00000,0x0000006dcab00000)]
  0x0000025a7d89d0c0 JavaThread "http-nio-8080-Poller" daemon [_thread_in_native, id=40060, stack(0x0000006dcab00000,0x0000006dcac00000)]
  0x0000025a7d89ad50 JavaThread "http-nio-8080-Acceptor" daemon [_thread_in_native, id=40536, stack(0x0000006dcac00000,0x0000006dcad00000)]
  0x0000025a7d89cbb0 JavaThread "DestroyJavaVM" [_thread_blocked, id=16860, stack(0x0000006dc7a00000,0x0000006dc7b00000)]
  0x0000025a7d8b2b70 JavaThread "Thread-5" [_thread_blocked, id=28076, stack(0x0000006dc7700000,0x0000006dc7800000)]
  0x0000025a7d8b0d10 JavaThread "tomcat-shutdown" [_thread_in_native, id=45236, stack(0x0000006dc7800000,0x0000006dc7900000)]

Other Threads:
  0x0000025a75c61820 VMThread "VM Thread" [stack: 0x0000006dc8000000,0x0000006dc8100000] [id=21512]
  0x0000025a535c5f10 WatcherThread [stack: 0x0000006dc8b00000,0x0000006dc8c00000] [id=28764]
  0x0000025a535a1050 GCTaskThread "GC Thread#0" [stack: 0x0000006dc7b00000,0x0000006dc7c00000] [id=36252]
  0x0000025a7aa5b620 GCTaskThread "GC Thread#1" [stack: 0x0000006dc9000000,0x0000006dc9100000] [id=38800]
  0x0000025a7aa5b8e0 GCTaskThread "GC Thread#2" [stack: 0x0000006dc9100000,0x0000006dc9200000] [id=3180]
  0x0000025a7aa5bba0 GCTaskThread "GC Thread#3" [stack: 0x0000006dc9200000,0x0000006dc9300000] [id=13712]
  0x0000025a7aaf5cf0 GCTaskThread "GC Thread#4" [stack: 0x0000006dc9300000,0x0000006dc9400000] [id=16700]
  0x0000025a7aaf5fb0 GCTaskThread "GC Thread#5" [stack: 0x0000006dc9400000,0x0000006dc9500000] [id=38072]
  0x0000025a7ae71350 GCTaskThread "GC Thread#6" [stack: 0x0000006dc9600000,0x0000006dc9700000] [id=33932]
  0x0000025a7ab83c40 GCTaskThread "GC Thread#7" [stack: 0x0000006dc9700000,0x0000006dc9800000] [id=37312]
  0x0000025a535b33c0 ConcurrentGCThread "G1 Main Marker" [stack: 0x0000006dc7c00000,0x0000006dc7d00000] [id=41124]
  0x0000025a535b6ac0 ConcurrentGCThread "G1 Conc#0" [stack: 0x0000006dc7d00000,0x0000006dc7e00000] [id=40436]
  0x0000025a7b1b5be0 ConcurrentGCThread "G1 Conc#1" [stack: 0x0000006dc9500000,0x0000006dc9600000] [id=18560]
  0x0000025a535fe360 ConcurrentGCThread "G1 Refine#0" [stack: 0x0000006dc7e00000,0x0000006dc7f00000] [id=18704]
  0x0000025a535feb30 ConcurrentGCThread "G1 Service" [stack: 0x0000006dc7f00000,0x0000006dc8000000] [id=38968]

Threads with active compile tasks:
C2 CompilerThread0  920565853 11159       4       org.springframework.core.ResolvableType::hashCode (22 bytes)

VM state: not at safepoint (normal execution)

VM Mutex/Monitor currently owned by a thread: None

Heap address: 0x000000070c000000, size: 3904 MB, Compressed Oops mode: Zero based, Oop shift amount: 3

CDS archive(s) mapped at: [0x0000025a00000000-0x0000025a00bd0000-0x0000025a00bd0000), size 12386304, SharedBaseAddress: 0x0000025a00000000, ArchiveRelocationMode: 1.
Compressed class space mapped at: 0x0000025a01000000-0x0000025a41000000, reserved size: 1073741824
Narrow klass base: 0x0000025a00000000, Narrow klass shift: 0, Narrow klass range: 0x100000000

GC Precious Log:
 CPUs: 8 total, 8 available
 Memory: 15610M
 Large Page Support: Disabled
 NUMA Support: Disabled
 Compressed Oops: Enabled (Zero based)
 Heap Region Size: 2M
 Heap Min Capacity: 8M
 Heap Initial Capacity: 244M
 Heap Max Capacity: 3904M
 Pre-touch: Disabled
 Parallel Workers: 8
 Concurrent Workers: 2
 Concurrent Refinement Workers: 8
 Periodic GC: Disabled

Heap:
 garbage-first heap   total 65536K, used 35257K [0x000000070c000000, 0x0000000800000000)
  region size 2048K, 5 young (10240K), 1 survivors (2048K)
 Metaspace       used 77428K, committed 78080K, reserved 1179648K
  class space    used 10337K, committed 10688K, reserved 1048576K

Heap Regions: E=young(eden), S=young(survivor), O=old, HS=humongous(starts), HC=humongous(continues), CS=collection set, F=free, OA=open archive, CA=closed archive, TAMS=top-at-mark-start (previous, next)
|   0|0x000000070c000000, 0x000000070c200000, 0x000000070c200000|100%| O|  |TAMS 0x000000070c200000, 0x000000070c000000| Untracked 
|   1|0x000000070c200000, 0x000000070c400000, 0x000000070c400000|100%| O|  |TAMS 0x000000070c400000, 0x000000070c200000| Untracked 
|   2|0x000000070c400000, 0x000000070c600000, 0x000000070c600000|100%| O|  |TAMS 0x000000070c600000, 0x000000070c400000| Untracked 
|   3|0x000000070c600000, 0x000000070c800000, 0x000000070c800000|100%| O|  |TAMS 0x000000070c800000, 0x000000070c600000| Untracked 
|   4|0x000000070c800000, 0x000000070ca00000, 0x000000070ca00000|100%| O|  |TAMS 0x000000070ca00000, 0x000000070c800000| Untracked 
|   5|0x000000070ca00000, 0x000000070cc00000, 0x000000070cc00000|100%| O|  |TAMS 0x000000070cc00000, 0x000000070ca00000| Untracked 
|   6|0x000000070cc00000, 0x000000070cda2200, 0x000000070ce00000| 81%| O|  |TAMS 0x000000070cd2ca00, 0x000000070cc00000| Untracked 
|   7|0x000000070ce00000, 0x000000070d000000, 0x000000070d000000|100%| O|  |TAMS 0x000000070d000000, 0x000000070ce00000| Untracked 
|   8|0x000000070d000000, 0x000000070d000000, 0x000000070d200000|  0%| F|  |TAMS 0x000000070d000000, 0x000000070d000000| Untracked 
|   9|0x000000070d200000, 0x000000070d400000, 0x000000070d400000|100%| O|  |TAMS 0x000000070d400000, 0x000000070d200000| Untracked 
|  10|0x000000070d400000, 0x000000070d400000, 0x000000070d600000|  0%| F|  |TAMS 0x000000070d400000, 0x000000070d400000| Untracked 
|  11|0x000000070d600000, 0x000000070d800000, 0x000000070d800000|100%| O|  |TAMS 0x000000070d800000, 0x000000070d600000| Untracked 
|  12|0x000000070d800000, 0x000000070da00000, 0x000000070da00000|100%| O|  |TAMS 0x000000070da00000, 0x000000070d800000| Untracked 
|  13|0x000000070da00000, 0x000000070da00000, 0x000000070dc00000|  0%| F|  |TAMS 0x000000070da00000, 0x000000070da00000| Untracked 
|  14|0x000000070dc00000, 0x000000070dc00000, 0x000000070de00000|  0%| F|  |TAMS 0x000000070dc00000, 0x000000070dc00000| Untracked 
|  15|0x000000070de00000, 0x000000070de00000, 0x000000070e000000|  0%| F|  |TAMS 0x000000070de00000, 0x000000070de00000| Untracked 
|  16|0x000000070e000000, 0x000000070e200000, 0x000000070e200000|100%| O|  |TAMS 0x000000070e200000, 0x000000070e000000| Untracked 
|  17|0x000000070e200000, 0x000000070e400000, 0x000000070e400000|100%| O|  |TAMS 0x000000070e400000, 0x000000070e200000| Untracked 
|  18|0x000000070e400000, 0x000000070e600000, 0x000000070e600000|100%| O|  |TAMS 0x000000070e600000, 0x000000070e400000| Untracked 
|  19|0x000000070e600000, 0x000000070e6cc550, 0x000000070e800000| 39%| S|CS|TAMS 0x000000070e600000, 0x000000070e600000| Complete 
|  20|0x000000070e800000, 0x000000070e800000, 0x000000070ea00000|  0%| F|  |TAMS 0x000000070e800000, 0x000000070e800000| Untracked 
|  21|0x000000070ea00000, 0x000000070ea00000, 0x000000070ec00000|  0%| F|  |TAMS 0x000000070ea00000, 0x000000070ea00000| Untracked 
|  22|0x000000070ec00000, 0x000000070ec00000, 0x000000070ee00000|  0%| F|  |TAMS 0x000000070ec00000, 0x000000070ec00000| Untracked 
|  23|0x000000070ee00000, 0x000000070ee00000, 0x000000070f000000|  0%| F|  |TAMS 0x000000070ee00000, 0x000000070ee00000| Untracked 
|  24|0x000000070f000000, 0x000000070f000000, 0x000000070f200000|  0%| F|  |TAMS 0x000000070f000000, 0x000000070f000000| Untracked 
|  25|0x000000070f200000, 0x000000070f200000, 0x000000070f400000|  0%| F|  |TAMS 0x000000070f200000, 0x000000070f200000| Untracked 
|  26|0x000000070f400000, 0x000000070f400000, 0x000000070f600000|  0%| F|  |TAMS 0x000000070f400000, 0x000000070f400000| Untracked 
|  91|0x0000000717600000, 0x0000000717600000, 0x0000000717800000|  0%| F|  |TAMS 0x0000000717600000, 0x0000000717600000| Untracked 
|  92|0x0000000717800000, 0x0000000717992260, 0x0000000717a00000| 78%| E|  |TAMS 0x0000000717800000, 0x0000000717800000| Complete 
|  93|0x0000000717a00000, 0x0000000717c00000, 0x0000000717c00000|100%| E|CS|TAMS 0x0000000717a00000, 0x0000000717a00000| Complete 
|  94|0x0000000717c00000, 0x0000000717e00000, 0x0000000717e00000|100%| E|CS|TAMS 0x0000000717c00000, 0x0000000717c00000| Complete 
| 121|0x000000071b200000, 0x000000071b400000, 0x000000071b400000|100%| E|CS|TAMS 0x000000071b200000, 0x000000071b200000| Complete 

Card table byte_map: [0x0000025a6a8d0000,0x0000025a6b070000] _byte_map_base: 0x0000025a67070000

Marking Bits (Prev, Next): (CMBitMap*) 0x0000025a535a26c0, (CMBitMap*) 0x0000025a535a2680
 Prev Bits: [0x0000025a6f510000, 0x0000025a73210000)
 Next Bits: [0x0000025a6b810000, 0x0000025a6f510000)

Polling page: 0x0000025a514e0000

Metaspace:

Usage:
  Non-class:     65.52 MB used.
      Class:     10.10 MB used.
       Both:     75.61 MB used.

Virtual space:
  Non-class space:      128.00 MB reserved,      65.81 MB ( 51%) committed,  2 nodes.
      Class space:        1.00 GB reserved,      10.44 MB (  1%) committed,  1 nodes.
             Both:        1.12 GB reserved,      76.25 MB (  7%) committed. 

Chunk freelists:
   Non-Class:  14.22 MB
       Class:  5.49 MB
        Both:  19.71 MB

MaxMetaspaceSize: unlimited
CompressedClassSpaceSize: 1.00 GB
Initial GC threshold: 21.00 MB
Current GC threshold: 126.06 MB
CDS: on
MetaspaceReclaimPolicy: balanced
 - commit_granule_bytes: 65536.
 - commit_granule_words: 8192.
 - virtual_space_node_default_size: 8388608.
 - enlarge_chunks_in_place: 1.
 - new_chunks_are_fully_committed: 0.
 - uncommit_free_chunks: 1.
 - use_allocation_guard: 0.
 - handle_deallocations: 1.


Internal statistics:

num_allocs_failed_limit: 9.
num_arena_births: 1024.
num_arena_deaths: 328.
num_vsnodes_births: 3.
num_vsnodes_deaths: 0.
num_space_committed: 1220.
num_space_uncommitted: 0.
num_chunks_returned_to_freelist: 374.
num_chunks_taken_from_freelist: 4007.
num_chunk_merges: 134.
num_chunk_splits: 2793.
num_chunks_enlarged: 2162.
num_inconsistent_stats: 0.

CodeHeap 'non-profiled nmethods': size=120000Kb used=6223Kb max_used=6223Kb free=113776Kb
 bounds [0x0000025a628c0000, 0x0000025a62ee0000, 0x0000025a69df0000]
CodeHeap 'profiled nmethods': size=120000Kb used=19915Kb max_used=19915Kb free=100085Kb
 bounds [0x0000025a5adf0000, 0x0000025a5c170000, 0x0000025a62320000]
CodeHeap 'non-nmethods': size=5760Kb used=1360Kb max_used=1418Kb free=4399Kb
 bounds [0x0000025a62320000, 0x0000025a62590000, 0x0000025a628c0000]
 total_blobs=10347 nmethods=9655 adapters=603
 compilation: enabled
              stopped_count=0, restarted_count=0
 full_count=0

Compilation events (20 events):
Event: 920478.735 Thread 0x0000025a7a0095a0 nmethod 11154 0x0000025a5c15cf10 code [0x0000025a5c15d120, 0x0000025a5c15d858]
Event: 920552.694 Thread 0x0000025a7a0095a0 11155       3       org.springframework.boot.devtools.filewatch.FileSystemWatcher$Watcher::scan (63 bytes)
Event: 920552.706 Thread 0x0000025a7a0095a0 nmethod 11155 0x0000025a5c15db10 code [0x0000025a5c15dd20, 0x0000025a5c15e188]
Event: 920563.490 Thread 0x0000025a7a0095a0 11156       3       java.util.jar.Attributes::<init> (17 bytes)
Event: 920563.493 Thread 0x0000025a7a0095a0 nmethod 11156 0x0000025a5c15e310 code [0x0000025a5c15e500, 0x0000025a5c15e848]
Event: 920563.640 Thread 0x0000025a7a0095a0 11157       3       java.util.regex.Pattern$Branch::match (66 bytes)
Event: 920563.641 Thread 0x0000025a7a0095a0 nmethod 11157 0x0000025a5c15e990 code [0x0000025a5c15eb60, 0x0000025a5c15f058]
Event: 920563.672 Thread 0x0000025a7a005150 11158       4       java.util.EnumSet::noneOf (63 bytes)
Event: 920563.686 Thread 0x0000025a7a005150 nmethod 11158 0x0000025a62b40510 code [0x0000025a62b406a0, 0x0000025a62b40868]
Event: 920563.686 Thread 0x0000025a7a005150 11159       4       org.springframework.core.ResolvableType::hashCode (22 bytes)
Event: 920563.751 Thread 0x0000025a7a0095a0 11160       3       java.lang.invoke.InvokerBytecodeGenerator::resolveFrom (81 bytes)
Event: 920563.754 Thread 0x0000025a7a0095a0 nmethod 11160 0x0000025a5c15f210 code [0x0000025a5c15f3e0, 0x0000025a5c15f6a8]
Event: 920563.763 Thread 0x0000025a7a0095a0 11161       1       java.time.Instant::getEpochSecond (5 bytes)
Event: 920563.763 Thread 0x0000025a7a0095a0 nmethod 11161 0x0000025a62b40210 code [0x0000025a62b403a0, 0x0000025a62b40478]
Event: 920563.767 Thread 0x0000025a7a0095a0 11162       3       java.time.format.DateTimeFormatterBuilder$NumberPrinterParser::format (365 bytes)
Event: 920563.778 Thread 0x0000025a7a0095a0 nmethod 11162 0x0000025a5c15f810 code [0x0000025a5c15fd20, 0x0000025a5c161eb8]
Event: 920563.778 Thread 0x0000025a7a0095a0 11163       3       java.time.format.DateTimeFormatterBuilder$NumberPrinterParser::getValue (2 bytes)
Event: 920563.778 Thread 0x0000025a7a0095a0 nmethod 11163 0x0000025a5c162c90 code [0x0000025a5c162e20, 0x0000025a5c162f38]
Event: 920563.824 Thread 0x0000025a7a0095a0 11164       3       org.springframework.context.event.GenericApplicationListenerAdapter::supportsEventType (100 bytes)
Event: 920563.826 Thread 0x0000025a7a0095a0 nmethod 11164 0x0000025a5c163010 code [0x0000025a5c163220, 0x0000025a5c163c88]

GC Heap History (20 events):
Event: 865624.074 GC heap before
{Heap before GC invocations=369 (full 0):
 garbage-first heap   total 65536K, used 53619K [0x000000070c000000, 0x0000000800000000)
  region size 2048K, 13 young (26624K), 1 survivors (2048K)
 Metaspace       used 77144K, committed 77760K, reserved 1179648K
  class space    used 10323K, committed 10688K, reserved 1048576K
}
Event: 865624.093 GC heap after
{Heap after GC invocations=370 (full 0):
 garbage-first heap   total 65536K, used 29225K [0x000000070c000000, 0x0000000800000000)
  region size 2048K, 1 young (2048K), 1 survivors (2048K)
 Metaspace       used 77144K, committed 77760K, reserved 1179648K
  class space    used 10323K, committed 10688K, reserved 1048576K
}
Event: 866361.932 GC heap before
{Heap before GC invocations=370 (full 0):
 garbage-first heap   total 65536K, used 53801K [0x000000070c000000, 0x0000000800000000)
  region size 2048K, 13 young (26624K), 1 survivors (2048K)
 Metaspace       used 77190K, committed 77824K, reserved 1179648K
  class space    used 10324K, committed 10688K, reserved 1048576K
}
Event: 866361.937 GC heap after
{Heap after GC invocations=371 (full 0):
 garbage-first heap   total 65536K, used 29271K [0x000000070c000000, 0x0000000800000000)
  region size 2048K, 1 young (2048K), 1 survivors (2048K)
 Metaspace       used 77190K, committed 77824K, reserved 1179648K
  class space    used 10324K, committed 10688K, reserved 1048576K
}
Event: 867099.053 GC heap before
{Heap before GC invocations=371 (full 0):
 garbage-first heap   total 65536K, used 53847K [0x000000070c000000, 0x0000000800000000)
  region size 2048K, 13 young (26624K), 1 survivors (2048K)
 Metaspace       used 77190K, committed 77824K, reserved 1179648K
  class space    used 10324K, committed 10688K, reserved 1048576K
}
Event: 867099.070 GC heap after
{Heap after GC invocations=372 (full 0):
 garbage-first heap   total 65536K, used 29470K [0x000000070c000000, 0x0000000800000000)
  region size 2048K, 1 young (2048K), 1 survivors (2048K)
 Metaspace       used 77190K, committed 77824K, reserved 1179648K
  class space    used 10324K, committed 10688K, reserved 1048576K
}
Event: 867725.103 GC heap before
{Heap before GC invocations=372 (full 0):
 garbage-first heap   total 65536K, used 54046K [0x000000070c000000, 0x0000000800000000)
  region size 2048K, 13 young (26624K), 1 survivors (2048K)
 Metaspace       used 77342K, committed 77952K, reserved 1179648K
  class space    used 10324K, committed 10688K, reserved 1048576K
}
Event: 867725.120 GC heap after
{Heap after GC invocations=373 (full 0):
 garbage-first heap   total 65536K, used 29372K [0x000000070c000000, 0x0000000800000000)
  region size 2048K, 1 young (2048K), 1 survivors (2048K)
 Metaspace       used 77342K, committed 77952K, reserved 1179648K
  class space    used 10324K, committed 10688K, reserved 1048576K
}
Event: 868460.675 GC heap before
{Heap before GC invocations=373 (full 0):
 garbage-first heap   total 65536K, used 53948K [0x000000070c000000, 0x0000000800000000)
  region size 2048K, 13 young (26624K), 1 survivors (2048K)
 Metaspace       used 77350K, committed 77952K, reserved 1179648K
  class space    used 10324K, committed 10688K, reserved 1048576K
}
Event: 868460.693 GC heap after
{Heap after GC invocations=374 (full 0):
 garbage-first heap   total 65536K, used 29500K [0x000000070c000000, 0x0000000800000000)
  region size 2048K, 1 young (2048K), 1 survivors (2048K)
 Metaspace       used 77350K, committed 77952K, reserved 1179648K
  class space    used 10324K, committed 10688K, reserved 1048576K
}
Event: 869204.943 GC heap before
{Heap before GC invocations=374 (full 0):
 garbage-first heap   total 65536K, used 54076K [0x000000070c000000, 0x0000000800000000)
  region size 2048K, 13 young (26624K), 1 survivors (2048K)
 Metaspace       used 77371K, committed 77952K, reserved 1179648K
  class space    used 10324K, committed 10688K, reserved 1048576K
}
Event: 869204.944 GC heap after
{Heap after GC invocations=375 (full 0):
 garbage-first heap   total 65536K, used 29415K [0x000000070c000000, 0x0000000800000000)
  region size 2048K, 1 young (2048K), 1 survivors (2048K)
 Metaspace       used 77371K, committed 77952K, reserved 1179648K
  class space    used 10324K, committed 10688K, reserved 1048576K
}
Event: 869979.122 GC heap before
{Heap before GC invocations=375 (full 0):
 garbage-first heap   total 65536K, used 53991K [0x000000070c000000, 0x0000000800000000)
  region size 2048K, 13 young (26624K), 1 survivors (2048K)
 Metaspace       used 77371K, committed 77952K, reserved 1179648K
  class space    used 10324K, committed 10688K, reserved 1048576K
}
Event: 869979.124 GC heap after
{Heap after GC invocations=376 (full 0):
 garbage-first heap   total 65536K, used 29270K [0x000000070c000000, 0x0000000800000000)
  region size 2048K, 1 young (2048K), 1 survivors (2048K)
 Metaspace       used 77371K, committed 77952K, reserved 1179648K
  class space    used 10324K, committed 10688K, reserved 1048576K
}
Event: 918810.789 GC heap before
{Heap before GC invocations=376 (full 0):
 garbage-first heap   total 65536K, used 53846K [0x000000070c000000, 0x0000000800000000)
  region size 2048K, 13 young (26624K), 1 survivors (2048K)
 Metaspace       used 77371K, committed 77952K, reserved 1179648K
  class space    used 10324K, committed 10688K, reserved 1048576K
}
Event: 918810.800 GC heap after
{Heap after GC invocations=377 (full 0):
 garbage-first heap   total 65536K, used 29676K [0x000000070c000000, 0x0000000800000000)
  region size 2048K, 1 young (2048K), 1 survivors (2048K)
 Metaspace       used 77371K, committed 77952K, reserved 1179648K
  class space    used 10324K, committed 10688K, reserved 1048576K
}
Event: 919597.147 GC heap before
{Heap before GC invocations=377 (full 0):
 garbage-first heap   total 65536K, used 54252K [0x000000070c000000, 0x0000000800000000)
  region size 2048K, 13 young (26624K), 1 survivors (2048K)
 Metaspace       used 77375K, committed 77952K, reserved 1179648K
  class space    used 10324K, committed 10688K, reserved 1048576K
}
Event: 919597.152 GC heap after
{Heap after GC invocations=378 (full 0):
 garbage-first heap   total 65536K, used 28945K [0x000000070c000000, 0x0000000800000000)
  region size 2048K, 1 young (2048K), 1 survivors (2048K)
 Metaspace       used 77375K, committed 77952K, reserved 1179648K
  class space    used 10324K, committed 10688K, reserved 1048576K
}
Event: 920343.087 GC heap before
{Heap before GC invocations=378 (full 0):
 garbage-first heap   total 65536K, used 53521K [0x000000070c000000, 0x0000000800000000)
  region size 2048K, 13 young (26624K), 1 survivors (2048K)
 Metaspace       used 77375K, committed 77952K, reserved 1179648K
  class space    used 10324K, committed 10688K, reserved 1048576K
}
Event: 920343.143 GC heap after
{Heap after GC invocations=379 (full 0):
 garbage-first heap   total 65536K, used 29113K [0x000000070c000000, 0x0000000800000000)
  region size 2048K, 1 young (2048K), 1 survivors (2048K)
 Metaspace       used 77375K, committed 77952K, reserved 1179648K
  class space    used 10324K, committed 10688K, reserved 1048576K
}

Deoptimization events (20 events):
Event: 920414.708 Thread 0x0000025a7d896670 Uncommon trap: trap_request=0xffffffc6 fr.pc=0x0000025a62ce79b0 relative=0x0000000000000cf0
Event: 920414.708 Thread 0x0000025a7d896670 Uncommon trap: reason=bimorphic_or_optimized_type_check action=maybe_recompile pc=0x0000025a62ce79b0 method=java.util.AbstractCollection.containsAll(Ljava/util/Collection;)Z @ 25 c2
Event: 920414.708 Thread 0x0000025a7d896670 DEOPT PACKING pc=0x0000025a62ce79b0 sp=0x0000006dc9fff2f0
Event: 920414.708 Thread 0x0000025a7d896670 DEOPT UNPACKING pc=0x0000025a623723a3 sp=0x0000006dc9fff2c8 mode 2
Event: 920418.812 Thread 0x0000025a7d896670 Uncommon trap: trap_request=0xffffff45 fr.pc=0x0000025a62cf0ff0 relative=0x0000000000000210
Event: 920418.812 Thread 0x0000025a7d896670 Uncommon trap: reason=unstable_if action=reinterpret pc=0x0000025a62cf0ff0 method=java.util.AbstractSet.equals(Ljava/lang/Object;)Z @ 31 c2
Event: 920418.812 Thread 0x0000025a7d896670 DEOPT PACKING pc=0x0000025a62cf0ff0 sp=0x0000006dc9fff310
Event: 920418.830 Thread 0x0000025a7d896670 DEOPT UNPACKING pc=0x0000025a623723a3 sp=0x0000006dc9fff298 mode 2
Event: 920418.830 Thread 0x0000025a7d896670 Uncommon trap: trap_request=0xffffff45 fr.pc=0x0000025a62d54a18 relative=0x00000000000000d8
Event: 920418.830 Thread 0x0000025a7d896670 Uncommon trap: reason=unstable_if action=reinterpret pc=0x0000025a62d54a18 method=org.springframework.boot.devtools.filewatch.FileSystemWatcher$Watcher.scan()V @ 37 c2
Event: 920418.830 Thread 0x0000025a7d896670 DEOPT PACKING pc=0x0000025a62d54a18 sp=0x0000006dc9fff4c0
Event: 920418.831 Thread 0x0000025a7d896670 DEOPT UNPACKING pc=0x0000025a623723a3 sp=0x0000006dc9fff450 mode 2
Event: 920419.264 Thread 0x0000025a7d896670 Uncommon trap: trap_request=0xffffffc6 fr.pc=0x0000025a62ce79b0 relative=0x0000000000000cf0
Event: 920419.264 Thread 0x0000025a7d896670 Uncommon trap: reason=bimorphic_or_optimized_type_check action=maybe_recompile pc=0x0000025a62ce79b0 method=java.util.AbstractCollection.containsAll(Ljava/util/Collection;)Z @ 25 c2
Event: 920419.264 Thread 0x0000025a7d896670 DEOPT PACKING pc=0x0000025a62ce79b0 sp=0x0000006dc9fff2e0
Event: 920419.264 Thread 0x0000025a7d896670 DEOPT UNPACKING pc=0x0000025a623723a3 sp=0x0000006dc9fff2b8 mode 2
Event: 920419.685 Thread 0x0000025a7d896670 Uncommon trap: trap_request=0xffffffc6 fr.pc=0x0000025a62ce79b0 relative=0x0000000000000cf0
Event: 920419.685 Thread 0x0000025a7d896670 Uncommon trap: reason=bimorphic_or_optimized_type_check action=maybe_recompile pc=0x0000025a62ce79b0 method=java.util.AbstractCollection.containsAll(Ljava/util/Collection;)Z @ 25 c2
Event: 920419.685 Thread 0x0000025a7d896670 DEOPT PACKING pc=0x0000025a62ce79b0 sp=0x0000006dc9fff2e0
Event: 920419.685 Thread 0x0000025a7d896670 DEOPT UNPACKING pc=0x0000025a623723a3 sp=0x0000006dc9fff2b8 mode 2

Classes unloaded (20 events):
Event: 4900.403 Thread 0x0000025a75c61820 Unloading class 0x0000025a01016000 'java/lang/invoke/LambdaForm$MH+0x0000025a01016000'
Event: 4900.403 Thread 0x0000025a75c61820 Unloading class 0x0000025a01015c00 'java/lang/invoke/LambdaForm$MH+0x0000025a01015c00'
Event: 4900.403 Thread 0x0000025a75c61820 Unloading class 0x0000025a01015800 'java/lang/invoke/LambdaForm$MH+0x0000025a01015800'
Event: 4900.403 Thread 0x0000025a75c61820 Unloading class 0x0000025a01015400 'java/lang/invoke/LambdaForm$MH+0x0000025a01015400'
Event: 4900.403 Thread 0x0000025a75c61820 Unloading class 0x0000025a01015000 'java/lang/invoke/LambdaForm$MH+0x0000025a01015000'
Event: 4900.403 Thread 0x0000025a75c61820 Unloading class 0x0000025a01014800 'java/lang/invoke/LambdaForm$MH+0x0000025a01014800'
Event: 4900.403 Thread 0x0000025a75c61820 Unloading class 0x0000025a01014000 'java/lang/invoke/LambdaForm$MH+0x0000025a01014000'
Event: 42649.404 Thread 0x0000025a75c61820 Unloading class 0x0000025a01a93c00 'jdk/internal/reflect/GeneratedMethodAccessor38'
Event: 86763.102 Thread 0x0000025a75c61820 Unloading class 0x0000025a01a82000 'jdk/internal/reflect/GeneratedConstructorAccessor44'
Event: 86763.102 Thread 0x0000025a75c61820 Unloading class 0x0000025a01a81c00 'jdk/internal/reflect/GeneratedConstructorAccessor43'
Event: 100132.994 Thread 0x0000025a75c61820 Unloading class 0x0000025a015c8400 'jdk/internal/reflect/GeneratedMethodAccessor45'
Event: 100132.994 Thread 0x0000025a75c61820 Unloading class 0x0000025a017a8800 'jdk/internal/reflect/GeneratedMethodAccessor44'
Event: 171515.101 Thread 0x0000025a75c61820 Unloading class 0x0000025a0144c400 'jdk/internal/reflect/GeneratedConstructorAccessor47'
Event: 171515.101 Thread 0x0000025a75c61820 Unloading class 0x0000025a01452000 'jdk/internal/reflect/GeneratedConstructorAccessor46'
Event: 263417.032 Thread 0x0000025a75c61820 Unloading class 0x0000025a01452000 'jdk/internal/reflect/GeneratedConstructorAccessor49'
Event: 263417.032 Thread 0x0000025a75c61820 Unloading class 0x0000025a0144c400 'jdk/internal/reflect/GeneratedConstructorAccessor48'
Event: 264934.571 Thread 0x0000025a75c61820 Unloading class 0x0000025a01410800 'java/lang/invoke/LambdaForm$MH+0x0000025a01410800'
Event: 264934.571 Thread 0x0000025a75c61820 Unloading class 0x0000025a0143c400 'java/lang/invoke/LambdaForm$MH+0x0000025a0143c400'
Event: 264934.571 Thread 0x0000025a75c61820 Unloading class 0x0000025a017a8800 'java/lang/invoke/LambdaForm$MH+0x0000025a017a8800'
Event: 264934.571 Thread 0x0000025a75c61820 Unloading class 0x0000025a015c8400 'java/lang/invoke/LambdaForm$MH+0x0000025a015c8400'

Classes redefined (0 events):
No events

Internal exceptions (20 events):
Event: 5391.064 Thread 0x0000025a7ae6e9e0 Implicit null exception at 0x0000025a62d4c21b to 0x0000025a62d4c4b4
Event: 5392.064 Thread 0x0000025a7ae6e9e0 Implicit null exception at 0x0000025a62d4c21b to 0x0000025a62d4c4b4
Event: 5393.075 Thread 0x0000025a7ae6e9e0 Implicit null exception at 0x0000025a62d4c21b to 0x0000025a62d4c4b4
Event: 5394.064 Thread 0x0000025a7ae6e9e0 Implicit null exception at 0x0000025a62d4c21b to 0x0000025a62d4c4b4
Event: 56774.132 Thread 0x0000025a7d89b770 Implicit null exception at 0x0000025a62dcced4 to 0x0000025a62dce428
Event: 56891.345 Thread 0x0000025a7d89c190 Implicit null exception at 0x0000025a62db655b to 0x0000025a62db71f4
Event: 88234.375 Thread 0x0000025a7d899e20 Implicit null exception at 0x0000025a62b967fd to 0x0000025a62b9c448
Event: 88234.402 Thread 0x0000025a7d899e20 Implicit null exception at 0x0000025a62b21835 to 0x0000025a62b22930
Event: 88234.405 Thread 0x0000025a7d899e20 Implicit null exception at 0x0000025a62bc12ba to 0x0000025a62bc1958
Event: 88234.407 Thread 0x0000025a7d899e20 Implicit null exception at 0x0000025a62ab8998 to 0x0000025a62ab8f14
Event: 88234.407 Thread 0x0000025a7d899e20 Implicit null exception at 0x0000025a62a82ef1 to 0x0000025a62a83268
Event: 88234.413 Thread 0x0000025a7d899e20 Implicit null exception at 0x0000025a62b3b8df to 0x0000025a62b3c5b0
Event: 88234.416 Thread 0x0000025a7d899e20 Implicit null exception at 0x0000025a628ffc93 to 0x0000025a629001e8
Event: 88234.417 Thread 0x0000025a7d899e20 Implicit null exception at 0x0000025a62b4ed8e to 0x0000025a62b5344c
Event: 88234.424 Thread 0x0000025a7d899e20 Implicit null exception at 0x0000025a62cb09ea to 0x0000025a62cb6298
Event: 88234.488 Thread 0x0000025a7d899e20 Implicit null exception at 0x0000025a62ba3549 to 0x0000025a62ba5dd4
Event: 175658.421 Thread 0x0000025a7d89a330 Exception <a 'java/lang/reflect/InvocationTargetException'{0x000000070f20a8f0}> (0x000000070f20a8f0) 
thrown [s\open\src\hotspot\share\runtime\reflection.cpp, line 1121]
Event: 175858.248 Thread 0x0000025a7d896160 Exception <a 'java/lang/reflect/InvocationTargetException'{0x000000070eaf8028}> (0x000000070eaf8028) 
thrown [s\open\src\hotspot\share\runtime\reflection.cpp, line 1121]
Event: 259904.846 Thread 0x0000025a7d89a330 Exception <a 'java/lang/reflect/InvocationTargetException'{0x000000071b3f2c38}> (0x000000071b3f2c38) 
thrown [s\open\src\hotspot\share\runtime\reflection.cpp, line 1121]
Event: 920413.370 Thread 0x0000025a7d896670 Implicit null exception at 0x0000025a62ce1f2f to 0x0000025a62ce4478

VM Operations (20 events):
Event: 868631.381 Executing VM operation: Cleanup
Event: 868631.381 Executing VM operation: Cleanup done
Event: 868706.082 Executing VM operation: Cleanup
Event: 868706.082 Executing VM operation: Cleanup done
Event: 869204.943 Executing VM operation: G1CollectForAllocation
Event: 869204.944 Executing VM operation: G1CollectForAllocation done
Event: 869979.122 Executing VM operation: G1CollectForAllocation
Event: 869979.124 Executing VM operation: G1CollectForAllocation done
Event: 918810.788 Executing VM operation: G1CollectForAllocation
Event: 918810.800 Executing VM operation: G1CollectForAllocation done
Event: 919597.147 Executing VM operation: G1CollectForAllocation
Event: 919597.152 Executing VM operation: G1CollectForAllocation done
Event: 920343.066 Executing VM operation: G1CollectForAllocation
Event: 920343.143 Executing VM operation: G1CollectForAllocation done
Event: 920419.806 Executing VM operation: Cleanup
Event: 920419.807 Executing VM operation: Cleanup done
Event: 920452.096 Executing VM operation: Cleanup
Event: 920452.097 Executing VM operation: Cleanup done
Event: 920564.213 Executing VM operation: Cleanup
Event: 920564.213 Executing VM operation: Cleanup done

Events (20 events):
Event: 918025.839 Thread 0x0000025a7d8afde0 Thread exited: 0x0000025a7d8afde0
Event: 918026.339 Thread 0x0000025a7d8b0800 Thread exited: 0x0000025a7d8b0800
Event: 919782.527 Thread 0x0000025a7d8afde0 Thread added: 0x0000025a7d8afde0
Event: 919782.528 Thread 0x0000025a7d8b3fb0 Thread added: 0x0000025a7d8b3fb0
Event: 919787.533 Thread 0x0000025a7d8afde0 Thread exited: 0x0000025a7d8afde0
Event: 919787.579 Thread 0x0000025a7d8b3fb0 Thread exited: 0x0000025a7d8b3fb0
Event: 919796.513 Thread 0x0000025a7d8b2660 Thread added: 0x0000025a7d8b2660
Event: 919796.515 Thread 0x0000025a7d8b2b70 Thread added: 0x0000025a7d8b2b70
Event: 919801.528 Thread 0x0000025a7d8b2660 Thread exited: 0x0000025a7d8b2660
Event: 919801.607 Thread 0x0000025a7d8b2b70 Thread exited: 0x0000025a7d8b2b70
Event: 919801.902 Thread 0x0000025a7d8b0800 Thread added: 0x0000025a7d8b0800
Event: 919801.904 Thread 0x0000025a7d8b2660 Thread added: 0x0000025a7d8b2660
Event: 919813.598 Thread 0x0000025a7d8b0800 Thread exited: 0x0000025a7d8b0800
Event: 919813.659 Thread 0x0000025a7d8b2660 Thread exited: 0x0000025a7d8b2660
Event: 919818.883 Thread 0x0000025a7d8afde0 Thread added: 0x0000025a7d8afde0
Event: 919818.884 Thread 0x0000025a7d8b2660 Thread added: 0x0000025a7d8b2660
Event: 919823.997 Thread 0x0000025a7d8afde0 Thread exited: 0x0000025a7d8afde0
Event: 919824.043 Thread 0x0000025a7d8b2660 Thread exited: 0x0000025a7d8b2660
Event: 920563.813 Thread 0x0000025a7d8b2b70 Thread added: 0x0000025a7d8b2b70
Event: 920563.814 Thread 0x0000025a7d896670 Thread exited: 0x0000025a7d896670


Dynamic libraries:
0x00007ff63cb40000 - 0x00007ff63cb50000 	C:\Program Files\Java\jdk-17\bin\java.exe
0x00007ffa30980000 - 0x00007ffa30be3000 	C:\WINDOWS\SYSTEM32\ntdll.dll
0x00007ffa2f4b0000 - 0x00007ffa2f577000 	C:\WINDOWS\System32\KERNEL32.DLL
0x00007ffa2e110000 - 0x00007ffa2e4d7000 	C:\WINDOWS\System32\KERNELBASE.dll
0x00007ffa2de80000 - 0x00007ffa2dfcc000 	C:\WINDOWS\System32\ucrtbase.dll
0x00007ffa168c0000 - 0x00007ffa168d9000 	C:\Program Files\Java\jdk-17\bin\jli.dll
0x00007ffa18040000 - 0x00007ffa1805b000 	C:\Program Files\Java\jdk-17\bin\VCRUNTIME140.dll
0x00007ffa302c0000 - 0x00007ffa30374000 	C:\WINDOWS\System32\ADVAPI32.dll
0x00007ffa306d0000 - 0x00007ffa30779000 	C:\WINDOWS\System32\msvcrt.dll
0x00007ffa2f320000 - 0x00007ffa2f3c6000 	C:\WINDOWS\System32\sechost.dll
0x00007ffa2eae0000 - 0x00007ffa2ebf6000 	C:\WINDOWS\System32\RPCRT4.dll
0x00007ffa2f590000 - 0x00007ffa2f759000 	C:\WINDOWS\System32\USER32.dll
0x00007ffa0d680000 - 0x00007ffa0d910000 	C:\WINDOWS\WinSxS\amd64_microsoft.windows.common-controls_6595b64144ccf1df_6.0.26100.3037_none_3e09262ce333c378\COMCTL32.dll
0x00007ffa2de50000 - 0x00007ffa2de77000 	C:\WINDOWS\System32\win32u.dll
0x00007ffa303e0000 - 0x00007ffa3040a000 	C:\WINDOWS\System32\GDI32.dll
0x00007ffa2dd20000 - 0x00007ffa2de4b000 	C:\WINDOWS\System32\gdi32full.dll
0x00007ffa1e2b0000 - 0x00007ffa1e2bb000 	C:\WINDOWS\SYSTEM32\VERSION.dll
0x00007ffa2e060000 - 0x00007ffa2e103000 	C:\WINDOWS\System32\msvcp_win.dll
0x00007ffa30780000 - 0x00007ffa307af000 	C:\WINDOWS\System32\IMM32.DLL
0x00007ffa29100000 - 0x00007ffa2910c000 	C:\Program Files\Java\jdk-17\bin\vcruntime140_1.dll
0x00007ff9f7a10000 - 0x00007ff9f7a9e000 	C:\Program Files\Java\jdk-17\bin\msvcp140.dll
0x00007ff9c26f0000 - 0x00007ff9c32d0000 	C:\Program Files\Java\jdk-17\bin\server\jvm.dll
0x00007ffa2f810000 - 0x00007ffa2f818000 	C:\WINDOWS\System32\PSAPI.DLL
0x00007ffa204a0000 - 0x00007ffa204d6000 	C:\WINDOWS\SYSTEM32\WINMM.dll
0x00007ffa0e310000 - 0x00007ffa0e31a000 	C:\WINDOWS\SYSTEM32\WSOCK32.dll
0x00007ffa2e820000 - 0x00007ffa2e894000 	C:\WINDOWS\System32\WS2_32.dll
0x00007ffa2cb50000 - 0x00007ffa2cb6a000 	C:\WINDOWS\SYSTEM32\kernel.appcore.dll
0x00007ffa265e0000 - 0x00007ffa265ea000 	C:\Program Files\Java\jdk-17\bin\jimage.dll
0x00007ffa1f860000 - 0x00007ffa1faa1000 	C:\WINDOWS\SYSTEM32\DBGHELP.DLL
0x00007ffa2ff30000 - 0x00007ffa302ae000 	C:\WINDOWS\System32\combase.dll
0x00007ffa2f3d0000 - 0x00007ffa2f4a6000 	C:\WINDOWS\System32\OLEAUT32.dll
0x00007ffa0e410000 - 0x00007ffa0e449000 	C:\WINDOWS\SYSTEM32\dbgcore.DLL
0x00007ffa2e5a0000 - 0x00007ffa2e639000 	C:\WINDOWS\System32\bcryptPrimitives.dll
0x00007ffa0ac40000 - 0x00007ffa0ac65000 	C:\Program Files\Java\jdk-17\bin\java.dll
0x00007ff9f33e0000 - 0x00007ff9f34b7000 	C:\Program Files\Java\jdk-17\bin\jsvml.dll
0x00007ffa2f820000 - 0x00007ffa2ff24000 	C:\WINDOWS\System32\SHELL32.dll
0x00007ffa2ba20000 - 0x00007ffa2c257000 	C:\WINDOWS\SYSTEM32\windows.storage.dll
0x00007ffa30410000 - 0x00007ffa304f9000 	C:\WINDOWS\System32\SHCORE.dll
0x00007ffa30380000 - 0x00007ffa303dd000 	C:\WINDOWS\System32\shlwapi.dll
0x00007ffa2dc30000 - 0x00007ffa2dc5e000 	C:\WINDOWS\SYSTEM32\profapi.dll
0x00007ffa15460000 - 0x00007ffa15479000 	C:\Program Files\Java\jdk-17\bin\net.dll
0x00007ffa28f30000 - 0x00007ffa2904e000 	C:\WINDOWS\SYSTEM32\WINHTTP.dll
0x00007ffa2d060000 - 0x00007ffa2d0ca000 	C:\WINDOWS\system32\mswsock.dll
0x00007ffa0f300000 - 0x00007ffa0f316000 	C:\Program Files\Java\jdk-17\bin\nio.dll
0x00007ffa0f120000 - 0x00007ffa0f138000 	C:\Program Files\Java\jdk-17\bin\zip.dll
0x00007ffa20420000 - 0x00007ffa2042a000 	C:\Program Files\Java\jdk-17\bin\management.dll
0x00007ffa1d810000 - 0x00007ffa1d81b000 	C:\Program Files\Java\jdk-17\bin\management_ext.dll
0x00007ffa1d450000 - 0x00007ffa1d45e000 	C:\Program Files\Java\jdk-17\bin\sunmscapi.dll
0x00007ffa2e640000 - 0x00007ffa2e7b6000 	C:\WINDOWS\System32\CRYPT32.dll
0x00007ffa2d490000 - 0x00007ffa2d4c0000 	C:\WINDOWS\SYSTEM32\ncrypt.dll
0x00007ffa2d440000 - 0x00007ffa2d47f000 	C:\WINDOWS\SYSTEM32\NTASN1.dll
0x00007ffa2d300000 - 0x00007ffa2d31c000 	C:\WINDOWS\SYSTEM32\CRYPTSP.dll
0x00007ffa2cab0000 - 0x00007ffa2cae8000 	C:\WINDOWS\system32\rsaenh.dll
0x00007ffa2d100000 - 0x00007ffa2d12b000 	C:\WINDOWS\SYSTEM32\USERENV.dll
0x00007ffa2d4d0000 - 0x00007ffa2d4f6000 	C:\WINDOWS\SYSTEM32\bcrypt.dll
0x00007ffa2d320000 - 0x00007ffa2d32c000 	C:\WINDOWS\SYSTEM32\CRYPTBASE.dll
0x00007ffa2c570000 - 0x00007ffa2c5a2000 	C:\WINDOWS\SYSTEM32\IPHLPAPI.DLL
0x00007ffa2ea80000 - 0x00007ffa2ea8a000 	C:\WINDOWS\System32\NSI.dll
0x00007ffa29550000 - 0x00007ffa2956f000 	C:\WINDOWS\SYSTEM32\dhcpcsvc6.DLL
0x00007ffa29520000 - 0x00007ffa29545000 	C:\WINDOWS\SYSTEM32\dhcpcsvc.DLL
0x00007ffa2c600000 - 0x00007ffa2c725000 	C:\WINDOWS\SYSTEM32\DNSAPI.dll
0x00007ffa25f70000 - 0x00007ffa25f7b000 	C:\Windows\System32\rasadhlp.dll
0x00007ffa297e0000 - 0x00007ffa29865000 	C:\WINDOWS\System32\fwpuclnt.dll
0x00007ffa19e50000 - 0x00007ffa19e60000 	C:\Program Files\Java\jdk-17\bin\verify.dll
0x00007ff9f9ca0000 - 0x00007ff9f9ca8000 	C:\WINDOWS\system32\wshunix.dll

dbghelp: loaded successfully - version: 4.0.5 - missing functions: none
symbol engine: initialized successfully - sym options: 0x614 - pdb path: .;C:\Program Files\Java\jdk-17\bin;C:\WINDOWS\SYSTEM32;C:\WINDOWS\WinSxS\amd64_microsoft.windows.common-controls_6595b64144ccf1df_6.0.26100.3037_none_3e09262ce333c378;C:\Program Files\Java\jdk-17\bin\server

VM Arguments:
jvm_args: -XX:+ShowCodeDetailsInExceptionMessages 
java_command: com.springboot.backend.alejandro.userapp.users_backend.UsersBackendApplication
java_class_path (initial): C:\Users\aleja\Desktop\Udemy\AngularSpring\users-backend\target\classes;C:\Users\aleja\.m2\repository\org\springframework\boot\spring-boot-starter-data-jpa\3.4.2\spring-boot-starter-data-jpa-3.4.2.jar;C:\Users\aleja\.m2\repository\org\springframework\boot\spring-boot-starter\3.4.2\spring-boot-starter-3.4.2.jar;C:\Users\aleja\.m2\repository\org\springframework\boot\spring-boot-starter-logging\3.4.2\spring-boot-starter-logging-3.4.2.jar;C:\Users\aleja\.m2\repository\ch\qos\logback\logback-classic\1.5.16\logback-classic-1.5.16.jar;C:\Users\aleja\.m2\repository\ch\qos\logback\logback-core\1.5.16\logback-core-1.5.16.jar;C:\Users\aleja\.m2\repository\org\apache\logging\log4j\log4j-to-slf4j\2.24.3\log4j-to-slf4j-2.24.3.jar;C:\Users\aleja\.m2\repository\org\apache\logging\log4j\log4j-api\2.24.3\log4j-api-2.24.3.jar;C:\Users\aleja\.m2\repository\org\slf4j\jul-to-slf4j\2.0.16\jul-to-slf4j-2.0.16.jar;C:\Users\aleja\.m2\repository\jakarta\annotation\jakarta.annotation-api\2.1.1\jakarta.annotation-api-2.1.1.jar;C:\Users\aleja\.m2\repository\org\yaml\snakeyaml\2.3\snakeyaml-2.3.jar;C:\Users\aleja\.m2\repository\org\springframework\boot\spring-boot-starter-jdbc\3.4.2\spring-boot-starter-jdbc-3.4.2.jar;C:\Users\aleja\.m2\repository\com\zaxxer\HikariCP\5.1.0\HikariCP-5.1.0.jar;C:\Users\aleja\.m2\repository\org\springframework\spring-jdbc\6.2.2\spring-jdbc-6.2.2.jar;C:\Users\aleja\.m2\repository\org\hibernate\orm\hibernate-core\6.6.5.Final\hibernate-core-6.6.5.Final.jar;C:\Users\aleja\.m2\repository\jakarta\persistence\jakarta.persistence-api\3.1.0\jakarta.persistence-api-3.1.0.jar;C:\Users\aleja\.m2\repository\jakarta\transaction\jakarta.transaction-api\2.0.1\jakarta.transaction-api-2.0.1.jar;C:\Users\aleja\.m2\repository\org\jboss\logging\jboss-logging\3.6.1.Final\jboss-logging-3.6.1.Final.jar;C:\Users\aleja\.m2\repository\org\hibernate\common\hibernate-commons-annotations\7.0.3.Final\hibernate-commons-annotations-7.0.3.Final.jar;C:\Users\aleja\.m2\repo
Launcher Type: SUN_STANDARD

[Global flags]
     intx CICompilerCount                          = 4                                         {product} {ergonomic}
     uint ConcGCThreads                            = 2                                         {product} {ergonomic}
     uint G1ConcRefinementThreads                  = 8                                         {product} {ergonomic}
   size_t G1HeapRegionSize                         = 2097152                                   {product} {ergonomic}
    uintx GCDrainStackTargetSize                   = 64                                        {product} {ergonomic}
   size_t InitialHeapSize                          = 255852544                                 {product} {ergonomic}
   size_t MarkStackSize                            = 4194304                                   {product} {ergonomic}
   size_t MaxHeapSize                              = 4093640704                                {product} {ergonomic}
   size_t MaxNewSize                               = 2455764992                                {product} {ergonomic}
   size_t MinHeapDeltaBytes                        = 2097152                                   {product} {ergonomic}
   size_t MinHeapSize                              = 8388608                                   {product} {ergonomic}
    uintx NonNMethodCodeHeapSize                   = 5839372                                {pd product} {ergonomic}
    uintx NonProfiledCodeHeapSize                  = 122909434                              {pd product} {ergonomic}
    uintx ProfiledCodeHeapSize                     = 122909434                              {pd product} {ergonomic}
    uintx ReservedCodeCacheSize                    = 251658240                              {pd product} {ergonomic}
     bool SegmentedCodeCache                       = true                                      {product} {ergonomic}
     bool ShowCodeDetailsInExceptionMessages       = true                                   {manageable} {command line}
   size_t SoftMaxHeapSize                          = 4093640704                             {manageable} {ergonomic}
     bool UseCompressedClassPointers               = true                           {product lp64_product} {ergonomic}
     bool UseCompressedOops                        = true                           {product lp64_product} {ergonomic}
     bool UseG1GC                                  = true                                      {product} {ergonomic}
     bool UseLargePagesIndividualAllocation        = false                                  {pd product} {ergonomic}

Logging:
Log output configuration:
 #0: stdout all=warning uptime,level,tags
 #1: stderr all=off uptime,level,tags

Environment Variables:
JAVA_HOME=C:\Program Files\Java\jdk-17
PATH=C:\Program Files\Common Files\Oracle\Java\javapath;C:\WINDOWS\system32;C:\WINDOWS;C:\WINDOWS\System32\Wbem;C:\WINDOWS\System32\WindowsPowerShell\v1.0\;C:\WINDOWS\System32\OpenSSH\;C:\Program Files\Git\cmd;C:\Program Files\nodejs\;C:\Users\aleja\AppData\Local\Microsoft\WindowsApps;C:\Users\aleja\AppData\Local\Programs\Microsoft VS Code\bin;C:\Users\aleja\AppData\Local\GitHubDesktop\bin;C:\Users\aleja\AppData\Roaming\npm;C:\Program Files\Java\jdk-17\bin;c:\xampp\mysql\bin;
USERNAME=aleja
LANG=en_US.UTF-8
OS=Windows_NT
PROCESSOR_IDENTIFIER=AMD64 Family 23 Model 160 Stepping 0, AuthenticAMD



---------------  S Y S T E M  ---------------

OS:
 Windows 11 , 64 bit Build 26100 (10.0.26100.3037)
OS uptime: 63 days 8:45 hours
Hyper-V role detected

CPU: total 8 (initial active 8) (8 cores per cpu, 2 threads per core) family 23 model 160 stepping 0 microcode 0x8a00006, cx8, cmov, fxsr, ht, mmx, 3dnowpref, sse, sse2, sse3, ssse3, sse4a, sse4.1, sse4.2, popcnt, lzcnt, tsc, tscinvbit, avx, avx2, aes, clmul, bmi1, bmi2, adx, sha, fma, vzeroupper, clflush, clflushopt, hv

Memory: 4k page, system-wide physical 15610M (510M free)
TotalPageFile size 46006M (AvailPageFile size 0M)
current process WorkingSet (physical memory assigned to process): 57M, peak: 279M
current process commit charge ("private bytes"): 317M, peak: 397M

vm_info: Java HotSpot(TM) 64-Bit Server VM (17.0.12+8-LTS-286) for windows-amd64 JRE (17.0.12+8-LTS-286), built on Jun  5 2024 06:46:59 by "mach5one" with MS VC++ 17.6 (VS2022)

END.
